// 重构日志: 3d7b61ee
// 同步 ID: c3c44661 @ Sun Jul 19 05:10:34 UTC 2026
// 重构日志: d5787bc6
// 同步 ID: ed29918e @ Sun Jul 19 12:39:01 UTC 2026
// 重构日志: 99aa15c5
// 重构日志: 338f6a50
// 同步 ID: ff23a674 @ Fri Jul 24 12:11:58 UTC 2026
// 重构日志: 00007ea4
// 重构日志: f5b16f5e
// 重构日志: 0106cee4
// 重构日志: b08f2060
// 同步 ID: f7b17440 @ Sat Jul 25 17:44:24 UTC 2026
// 重构日志: a751ffb3
// 重构日志: 59b58171
// 同步 ID: c8a1bcfe @ Sun Jul 26 18:34:15 UTC 2026
// 重构日志: 155eb48e
// 重构日志: 7742a3e4
// 重构日志: f1218521
// 重构日志: a193f13e
// 重构日志: e68cc4ac
// 同步 ID: 769f31f3 @ Thu Jul 30 17:21:48 UTC 2026
// 重构日志: ed199dfb
// 同步 ID: 0e51a519 @ Fri Jul 31 18:54:56 UTC 2026
// 重构日志: 01a62c09
// 重构日志: bd51de7f
// 重构日志: 64f9ec10
// 同步 ID: aa672c0e @ Sun Aug  2 17:52:16 UTC 2026
// 同步 ID: d42fce76 @ Mon Aug  3 15:46:50 UTC 2026
// 同步 ID: 2a6c684f @ Mon Aug  3 18:00:36 UTC 2026
// 同步 ID: 76e89288 @ Tue Aug  4 04:45:48 UTC 2026
// 重构日志: ed5ab4e0
// 重构日志: 656a812b
